apiVersion: apps/v1
kind: Deployment
metadata:
  labels:
    app.kubernetes.io/component: manager
    app.kubernetes.io/created-by: vault-operator
    app.kubernetes.io/instance: controller-manager
    app.kubernetes.io/managed-by: kustomize
    app.kubernetes.io/name: deployment
    app.kubernetes.io/part-of: vault-operator
    control-plane: controller-manager
  name: controller-manager
  namespace: syn-vault-operator
spec:
  replicas: 1
  selector:
    matchLabels:
      control-plane: controller-manager
  template:
    metadata:
      annotations:
        kubectl.kubernetes.io/default-container: manager
      labels:
        control-plane: controller-manager
    spec:
      containers:
      - args:
        - --leader-elect
        command:
        - /manager
        image: ghcr.io/bank-vaults/vault-operator:v1.22.2
        livenessProbe:
          httpGet:
            path: /
            port: 8080
          initialDelaySeconds: 15
          periodSeconds: 20
        name: manager
        readinessProbe:
          httpGet:
            path: /ready
            port: 8080
          initialDelaySeconds: 5
          periodSeconds: 10
        resources:
          limits:
            cpu: 500m
            memory: 128Mi
          requests:
            cpu: 10m
            memory: 64Mi
        securityContext:
          allowPrivilegeEscalation: false
          capabilities:
            drop:
            - ALL
      securityContext:
        runAsNonRoot: true
      serviceAccountName: controller-manager
      terminationGracePeriodSeconds: 10
