apiVersion: rbac.authorization.k8s.io/v1
kind: Role
metadata:
  name: vault
  namespace: syn-vault-operator
rules:
- apiGroups:
  - ""
  resources:
  - pods
  verbs:
  - get
  - patch
  - update
- apiGroups:
  - ""
  resources:
  - secrets
  verbs:
  - '*'
