apiVersion: v1
kind: Namespace
metadata:
  annotations: {}
  labels:
    app.kubernetes.io/name: syn-vault-operator
    name: syn-vault-operator
  name: syn-vault-operator
